namespace NServiceBus.DataBus
{
    public class DataBus
    {
        public DataBus() { }
        public void TestApi() { }
    }
}